python : C:\Users\You
sef\Medication system
\test_gemini.py:1: 
FutureWarning: 
At line:1 char:1
+ python 
test_gemini.py > 
test_output.txt 2>&1
+ ~~~~~~~~~~~~~~~~~~~
~~~~~~~~~~~~~~~~~~~~~
~~~~
    + CategoryInfo   
           : NotSpe  
  cified: (C:\User   
 s\Yousef...Futur    
eWarning: :Strin    
g) [], RemoteExc    
eption
    + FullyQualified 
   ErrorId : Native  
  CommandError
 

All support for the `
google.generativeai` 
package has ended. 
It will no longer be 
receiving 
updates or bug 
fixes. Please switch 
to the 
`google.genai` 
package as soon as 
possible.
See README for more 
details:

https://github.com/go
ogle-gemini/deprecate
d-generative-ai-pytho
n/blob/main/README.md

  import 
google.generativeai 
as genai
Testing Gemini with key: AIzaSyDvZg...
FAILED! Gemini Error:
404 models/gemini-1.5-flash is not found for API version v1beta, or is not supported for generateContent. Call ListModels to see the list of available models and their supported methods.
